// Jest Snapshot v1, https://goo.gl/fbAQLP

exports[`App should render and match snapshot 1`] = `
VueWrapper {
  "__app": Object {
    "_component": Object {
      "name": "VTU_ROOT",
      "render": [Function],
    },
    "_container": <div
      data-v-app=""
    >
      
      <topbar-stub />
      <page-stub />
      
    </div>,
    "_context": Object {
      "app": [Circular],
      "components": Object {
        "transition": Object {
          "name": "transition",
        },
        "transition-group": Object {
          "name": "transition-group",
        },
      },
      "config": Object {
        "compilerOptions": Object {},
        "errorHandler": undefined,
        "globalProperties": Object {},
        "isNativeTag": [Function],
        "optionMergeStrategies": Object {},
        "performance": false,
        "warnHandler": undefined,
      },
      "directives": Object {},
      "emitsCache": WeakMap {},
      "mixins": Array [
        Object {
          "beforeCreate": [Function],
        },
      ],
      "optionsCache": WeakMap {},
      "propsCache": WeakMap {},
      "provides": Object {},
      "reload": [Function],
    },
    "_instance": Object {
      "a": null,
      "accessCache": Object {},
      "appContext": Object {
        "app": [Circular],
        "components": Object {
          "transition": Object {
            "name": "transition",
          },
          "transition-group": Object {
            "name": "transition-group",
          },
        },
        "config": Object {
          "compilerOptions": Object {},
          "errorHandler": undefined,
          "globalProperties": Object {},
          "isNativeTag": [Function],
          "optionMergeStrategies": Object {},
          "performance": false,
          "warnHandler": undefined,
        },
        "directives": Object {},
        "emitsCache": WeakMap {},
        "mixins": Array [
          Object {
            "beforeCreate": [Function],
          },
        ],
        "optionsCache": WeakMap {},
        "propsCache": WeakMap {},
        "provides": Object {},
        "reload": [Function],
      },
      "asyncDep": null,
      "asyncResolved": false,
      "attrs": Object {},
      "bc": null,
      "bm": null,
      "bu": null,
      "bum": null,
      "c": null,
      "components": null,
      "ctx": Object {},
      "da": null,
      "data": Object {},
      "directives": null,
      "ec": null,
      "effect": ReactiveEffect {
        "active": true,
        "allowRecurse": true,
        "deps": Array [
          Set {
            [Circular],
          },
          Set {
            [Circular],
          },
        ],
        "fn": [Function],
        "onTrack": undefined,
        "onTrigger": undefined,
        "scheduler": [Function],
      },
      "emit": [Function],
      "emitsOptions": null,
      "emitted": null,
      "exposeProxy": null,
      "exposed": null,
      "inheritAttrs": undefined,
      "isDeactivated": false,
      "isMounted": true,
      "isUnmounted": false,
      "m": null,
      "next": null,
      "parent": null,
      "props": Object {},
      "propsDefaults": Object {},
      "propsOptions": Array [
        Object {},
        Array [],
      ],
      "provides": Object {},
      "proxy": Object {},
      "refs": Object {
        "VTU_COMPONENT": Object {
          "handleMenuOnClick": [Function],
          "hasOwnProperty": [Function],
          "isMenuOpen": false,
        },
      },
      "render": [Function],
      "renderCache": Array [],
      "root": [Circular],
      "rtc": null,
      "rtg": null,
      "scope": EffectScope {
        "active": true,
        "cleanups": Array [],
        "effects": Array [
          ReactiveEffect {
            "active": true,
            "allowRecurse": true,
            "deps": Array [
              Set {
                [Circular],
              },
              Set {
                [Circular],
              },
            ],
            "fn": [Function],
            "onTrack": undefined,
            "onTrigger": undefined,
            "scheduler": [Function],
          },
        ],
      },
      "setupContext": null,
      "setupState": Object {},
      "slots": Object {},
      "sp": null,
      "subTree": Object {
        "__v_isVNode": true,
        "__v_skip": true,
        "anchor": null,
        "appContext": null,
        "children": null,
        "component": Object {
          "a": null,
          "accessCache": Object {
            "@@__IMMUTABLE_ITERABLE__@@": 0,
            "@@__IMMUTABLE_RECORD__@@": 0,
            "_isMockFunction": 0,
            "constructor": 0,
            "handleMenuOnClick": 4,
            "hasOwnProperty": 4,
            "isMenuOpen": 1,
            "isVueInstance": 0,
            "toJSON": 0,
            Symbol(Symbol.toStringTag): 0,
          },
          "appContext": Object {
            "app": [Circular],
            "components": Object {
              "transition": Object {
                "name": "transition",
              },
              "transition-group": Object {
                "name": "transition-group",
              },
            },
            "config": Object {
              "compilerOptions": Object {},
              "errorHandler": undefined,
              "globalProperties": Object {},
              "isNativeTag": [Function],
              "optionMergeStrategies": Object {},
              "performance": false,
              "warnHandler": undefined,
            },
            "directives": Object {},
            "emitsCache": WeakMap {},
            "mixins": Array [
              Object {
                "beforeCreate": [Function],
              },
            ],
            "optionsCache": WeakMap {},
            "propsCache": WeakMap {},
            "provides": Object {},
            "reload": [Function],
          },
          "asyncDep": null,
          "asyncResolved": false,
          "attrs": Object {},
          "bc": null,
          "bm": null,
          "bu": null,
          "bum": null,
          "c": null,
          "components": Object {
            "Content": Object {
              "computed": Object {},
              "extends": Object {},
              "methods": Object {},
              "props": Object {},
              "render": [Function],
              "setup": [Function],
            },
            "GetFreeInsurance": Object {
              "components": Object {
                "Button": Object {
                  "computed": Object {},
                  "extends": Object {},
                  "methods": Object {
                    "handleOnClick": [Function],
                  },
                  "props": Object {
                    "disabled": [Function],
                    "imageButton": [Function],
                    "onClick": [Function],
                  },
                  "render": [Function],
                  "setup": [Function],
                },
                "EmailInvite": Object {
                  "components": Object {
                    "Button": Object {
                      "computed": Object {},
                      "extends": Object {},
                      "methods": Object {
                        "handleOnClick": [Function],
                      },
                      "props": Object {
                        "disabled": [Function],
                        "imageButton": [Function],
                        "onClick": [Function],
                      },
                      "render": [Function],
                      "setup": [Function],
                    },
                    "TextArea": Object {
                      "computed": Object {},
                      "extends": Object {},
                      "methods": Object {},
                      "props": Object {
                        "onChange": [Function],
                        "placeholder": [Function],
                      },
                      "render": [Function],
                      "setup": [Function],
                      "watch": Object {
                        "value": [Function],
                      },
                    },
                  },
                  "computed": Object {},
                  "extends": Object {},
                  "methods": Object {
                    "handleEmailListOnChange": [Function],
                    "handleSendInvitesOnClick": [Function],
                  },
                  "props": Object {},
                  "render": [Function],
                  "setup": [Function],
                },
                "ShareLink": Object {
                  "components": Object {
                    "Button": Object {
                      "computed": Object {},
                      "extends": Object {},
                      "methods": Object {
                        "handleOnClick": [Function],
                      },
                      "props": Object {
                        "disabled": [Function],
                        "imageButton": [Function],
                        "onClick": [Function],
                      },
                      "render": [Function],
                      "setup": [Function],
                    },
                  },
                  "computed": Object {},
                  "extends": Object {},
                  "methods": Object {
                    "handleCopyInviteLinkClick": [Function],
                  },
                  "props": Object {
                    "link": [Function],
                  },
                  "render": [Function],
                  "setup": [Function],
                },
              },
              "computed": Object {},
              "extends": Object {},
              "methods": Object {
                "handleBottomBannerActionOnClick": [Function],
              },
              "props": Object {},
              "render": [Function],
              "setup": [Function],
            },
            "Page": Object {
              "computed": Object {},
              "extends": Object {},
              "methods": Object {},
              "props": Object {},
              "render": [Function],
              "setup": [Function],
            },
            "Sidebar": Object {
              "components": Object {
                "Button": Object {
                  "computed": Object {},
                  "extends": Object {},
                  "methods": Object {
                    "handleOnClick": [Function],
                  },
                  "props": Object {
                    "disabled": [Function],
                    "imageButton": [Function],
                    "onClick": [Function],
                  },
                  "render": [Function],
                  "setup": [Function],
                },
              },
              "computed": Object {},
              "extends": Object {},
              "methods": Object {},
              "props": Object {
                "isMenuOpen": [Function],
              },
              "render": [Function],
              "setup": [Function],
            },
            "Topbar": Object {
              "components": Object {
                "Button": Object {
                  "computed": Object {},
                  "extends": Object {},
                  "methods": Object {
                    "handleOnClick": [Function],
                  },
                  "props": Object {
                    "disabled": [Function],
                    "imageButton": [Function],
                    "onClick": [Function],
                  },
                  "render": [Function],
                  "setup": [Function],
                },
              },
              "computed": Object {},
              "extends": Object {},
              "methods": Object {
                "handleHamburgerOnClick": [Function],
              },
              "props": Object {
                "onMenuClick": [Function],
              },
              "render": [Function],
              "setup": [Function],
            },
          },
          "ctx": Object {
            "handleMenuOnClick": [Function],
            "hasOwnProperty": [Function],
            "isMenuOpen": false,
          },
          "da": null,
          "data": Object {},
          "devtoolsRawSetupState": Object {
            "isMenuOpen": RefImpl {
              "__v_isRef": true,
              "__v_isShallow": false,
              "_rawValue": false,
              "_value": false,
              "dep": Set {
                ReactiveEffect {
                  "active": true,
                  "allowRecurse": true,
                  "deps": Array [
                    [Circular],
                  ],
                  "fn": [Function],
                  "onTrack": undefined,
                  "onTrigger": undefined,
                  "scheduler": [Function],
                },
              },
            },
          },
          "directives": null,
          "ec": null,
          "effect": ReactiveEffect {
            "active": true,
            "allowRecurse": true,
            "deps": Array [
              Set {
                [Circular],
              },
            ],
            "fn": [Function],
            "onTrack": undefined,
            "onTrigger": undefined,
            "scheduler": [Function],
          },
          "emit": [Function],
          "emitsOptions": null,
          "emitted": null,
          "exposeProxy": null,
          "exposed": null,
          "inheritAttrs": undefined,
          "isDeactivated": false,
          "isMounted": true,
          "isUnmounted": false,
          "m": null,
          "next": null,
          "parent": [Circular],
          "props": Object {},
          "propsDefaults": Object {},
          "propsOptions": Array [
            Object {},
            Array [],
          ],
          "provides": Object {},
          "proxy": Object {
            "handleMenuOnClick": [Function],
            "hasOwnProperty": [Function],
            "isMenuOpen": false,
          },
          "refs": Object {},
          "render": [Function],
          "renderCache": Array [],
          "root": [Circular],
          "rtc": null,
          "rtg": null,
          "scope": EffectScope {
            "active": true,
            "cleanups": Array [],
            "effects": Array [
              ReactiveEffect {
                "active": true,
                "allowRecurse": true,
                "deps": Array [
                  Set {
                    [Circular],
                  },
                ],
                "fn": [Function],
                "onTrack": undefined,
                "onTrigger": undefined,
                "scheduler": [Function],
              },
            ],
          },
          "setupContext": Object {
            "attrs": Object {},
            "emit": [Function],
            "expose": [Function],
            "slots": Object {},
          },
          "setupState": Object {
            "isMenuOpen": false,
          },
          "slots": Object {},
          "sp": null,
          "subTree": Object {
            "__v_isVNode": true,
            "__v_skip": true,
            "anchor": ,
            "appContext": null,
            "children": Array [
              Object {
                "__v_isVNode": true,
                "__v_skip": true,
                "anchor": null,
                "appContext": null,
                "children": null,
                "component": Object {
                  "a": null,
                  "accessCache": Object {},
                  "appContext": Object {
                    "app": [Circular],
                    "components": Object {
                      "transition": Object {
                        "name": "transition",
                      },
                      "transition-group": Object {
                        "name": "transition-group",
                      },
                    },
                    "config": Object {
                      "compilerOptions": Object {},
                      "errorHandler": undefined,
                      "globalProperties": Object {},
                      "isNativeTag": [Function],
                      "optionMergeStrategies": Object {},
                      "performance": false,
                      "warnHandler": undefined,
                    },
                    "directives": Object {},
                    "emitsCache": WeakMap {},
                    "mixins": Array [
                      Object {
                        "beforeCreate": [Function],
                      },
                    ],
                    "optionsCache": WeakMap {},
                    "propsCache": WeakMap {},
                    "provides": Object {},
                    "reload": [Function],
                  },
                  "asyncDep": null,
                  "asyncResolved": false,
                  "attrs": Object {
                    "onOnMenuClick": [Function],
                  },
                  "bc": null,
                  "bm": null,
                  "bu": null,
                  "bum": null,
                  "c": null,
                  "components": null,
                  "ctx": Object {
                    "onMenuClick": undefined,
                  },
                  "da": null,
                  "data": Object {},
                  "directives": null,
                  "ec": null,
                  "effect": ReactiveEffect {
                    "active": true,
                    "allowRecurse": true,
                    "deps": Array [
                      Set {
                        [Circular],
                      },
                      Set {
                        [Circular],
                      },
                      Set {
                        [Circular],
                      },
                    ],
                    "fn": [Function],
                    "onTrack": undefined,
                    "onTrigger": undefined,
                    "scheduler": [Function],
                  },
                  "emit": [Function],
                  "emitsOptions": null,
                  "emitted": null,
                  "exposeProxy": null,
                  "exposed": null,
                  "inheritAttrs": undefined,
                  "isDeactivated": false,
                  "isMounted": true,
                  "isUnmounted": false,
                  "m": null,
                  "next": null,
                  "parent": [Circular],
                  "props": Object {
                    "onMenuClick": undefined,
                  },
                  "propsDefaults": Object {},
                  "propsOptions": Array [
                    Object {
                      "onMenuClick": Object {
                        "0": false,
                        "1": true,
                        "type": [Function],
                      },
                    },
                    Array [],
                  ],
                  "provides": Object {},
                  "proxy": Object {
                    "onMenuClick": undefined,
                  },
                  "refs": Object {},
                  "render": [Function],
                  "renderCache": Array [],
                  "root": [Circular],
                  "rtc": null,
                  "rtg": null,
                  "scope": EffectScope {
                    "active": true,
                    "cleanups": Array [],
                    "effects": Array [
                      ReactiveEffect {
                        "active": true,
                        "allowRecurse": true,
                        "deps": Array [
                          Set {
                            [Circular],
                          },
                          Set {
                            [Circular],
                          },
                          Set {
                            [Circular],
                          },
                        ],
                        "fn": [Function],
                        "onTrack": undefined,
                        "onTrigger": undefined,
                        "scheduler": [Function],
                      },
                    ],
                  },
                  "setupContext": null,
                  "setupState": Object {},
                  "slots": Object {},
                  "sp": null,
                  "subTree": Object {
                    "__v_isVNode": true,
                    "__v_skip": true,
                    "anchor": null,
                    "appContext": null,
                    "children": null,
                    "component": null,
                    "dirs": null,
                    "dynamicChildren": null,
                    "dynamicProps": null,
                    "el": <topbar-stub />,
                    "key": null,
                    "patchFlag": 16,
                    "props": Object {
                      "onOnMenuClick": [Function],
                    },
                    "ref": null,
                    "scopeId": null,
                    "shapeFlag": 1,
                    "slotScopeIds": null,
                    "ssContent": null,
                    "ssFallback": null,
                    "staticCount": 0,
                    "suspense": null,
                    "target": null,
                    "targetAnchor": null,
                    "transition": null,
                    "type": "topbar-stub",
                  },
                  "suspense": null,
                  "suspenseId": 0,
                  "type": Object {
                    "compatConfig": Object {
                      "MODE": 3,
                      "RENDER_FUNCTION": false,
                    },
                    "name": "Topbar",
                    "props": Object {
                      "onMenuClick": [Function],
                    },
                    "render": [Function],
                  },
                  "u": null,
                  "uid": 2,
                  "um": null,
                  "update": [Function],
                  "vnode": [Circular],
                  "withProxy": null,
                },
                "dirs": null,
                "dynamicChildren": null,
                "dynamicProps": Array [
                  "onOnMenuClick",
                ],
                "el": <topbar-stub />,
                "key": null,
                "patchFlag": 8,
                "props": Object {
                  "onOnMenuClick": [Function],
                },
                "ref": null,
                "scopeId": null,
                "shapeFlag": 4,
                "slotScopeIds": null,
                "ssContent": null,
                "ssFallback": null,
                "staticCount": 0,
                "suspense": null,
                "target": null,
                "targetAnchor": null,
                "transition": null,
                "type": Object {
                  "compatConfig": Object {
                    "MODE": 3,
                    "RENDER_FUNCTION": false,
                  },
                  "name": "Topbar",
                  "props": Object {
                    "onMenuClick": [Function],
                  },
                  "render": [Function],
                },
              },
              Object {
                "__v_isVNode": true,
                "__v_skip": true,
                "anchor": null,
                "appContext": null,
                "children": Object {
                  "default": [Function],
                },
                "component": Object {
                  "a": null,
                  "accessCache": Object {},
                  "appContext": Object {
                    "app": [Circular],
                    "components": Object {
                      "transition": Object {
                        "name": "transition",
                      },
                      "transition-group": Object {
                        "name": "transition-group",
                      },
                    },
                    "config": Object {
                      "compilerOptions": Object {},
                      "errorHandler": undefined,
                      "globalProperties": Object {},
                      "isNativeTag": [Function],
                      "optionMergeStrategies": Object {},
                      "performance": false,
                      "warnHandler": undefined,
                    },
                    "directives": Object {},
                    "emitsCache": WeakMap {},
                    "mixins": Array [
                      Object {
                        "beforeCreate": [Function],
                      },
                    ],
                    "optionsCache": WeakMap {},
                    "propsCache": WeakMap {},
                    "provides": Object {},
                    "reload": [Function],
                  },
                  "asyncDep": null,
                  "asyncResolved": false,
                  "attrs": Object {},
                  "bc": null,
                  "bm": null,
                  "bu": null,
                  "bum": null,
                  "c": null,
                  "components": null,
                  "ctx": Object {},
                  "da": null,
                  "data": Object {},
                  "directives": null,
                  "ec": null,
                  "effect": ReactiveEffect {
                    "active": true,
                    "allowRecurse": true,
                    "deps": Array [
                      Set {
                        [Circular],
                      },
                      Set {
                        [Circular],
                      },
                    ],
                    "fn": [Function],
                    "onTrack": undefined,
                    "onTrigger": undefined,
                    "scheduler": [Function],
                  },
                  "emit": [Function],
                  "emitsOptions": null,
                  "emitted": null,
                  "exposeProxy": null,
                  "exposed": null,
                  "inheritAttrs": undefined,
                  "isDeactivated": false,
                  "isMounted": true,
                  "isUnmounted": false,
                  "m": null,
                  "next": null,
                  "parent": [Circular],
                  "props": Object {},
                  "propsDefaults": Object {},
                  "propsOptions": Array [
                    Object {},
                    Array [],
                  ],
                  "provides": Object {},
                  "proxy": Object {},
                  "refs": Object {},
                  "render": [Function],
                  "renderCache": Array [],
                  "root": [Circular],
                  "rtc": null,
                  "rtg": null,
                  "scope": EffectScope {
                    "active": true,
                    "cleanups": Array [],
                    "effects": Array [
                      ReactiveEffect {
                        "active": true,
                        "allowRecurse": true,
                        "deps": Array [
                          Set {
                            [Circular],
                          },
                          Set {
                            [Circular],
                          },
                        ],
                        "fn": [Function],
                        "onTrack": undefined,
                        "onTrigger": undefined,
                        "scheduler": [Function],
                      },
                    ],
                  },
                  "setupContext": null,
                  "setupState": Object {},
                  "slots": Object {
                    "default": [Function],
                  },
                  "sp": null,
                  "subTree": Object {
                    "__v_isVNode": true,
                    "__v_skip": true,
                    "anchor": null,
                    "appContext": null,
                    "children": null,
                    "component": null,
                    "dirs": null,
                    "dynamicChildren": null,
                    "dynamicProps": null,
                    "el": <page-stub />,
                    "key": null,
                    "patchFlag": 0,
                    "props": Object {},
                    "ref": null,
                    "scopeId": null,
                    "shapeFlag": 1,
                    "slotScopeIds": null,
                    "ssContent": null,
                    "ssFallback": null,
                    "staticCount": 0,
                    "suspense": null,
                    "target": null,
                    "targetAnchor": null,
                    "transition": null,
                    "type": "page-stub",
                  },
                  "suspense": null,
                  "suspenseId": 0,
                  "type": Object {
                    "compatConfig": Object {
                      "MODE": 3,
                      "RENDER_FUNCTION": false,
                    },
                    "name": "Page",
                    "props": Object {},
                    "render": [Function],
                  },
                  "u": null,
                  "uid": 3,
                  "um": null,
                  "update": [Function],
                  "vnode": [Circular],
                  "withProxy": null,
                },
                "dirs": null,
                "dynamicChildren": null,
                "dynamicProps": null,
                "el": <page-stub />,
                "key": null,
                "patchFlag": 0,
                "props": null,
                "ref": null,
                "scopeId": null,
                "shapeFlag": 36,
                "slotScopeIds": null,
                "ssContent": null,
                "ssFallback": null,
                "staticCount": 0,
                "suspense": null,
                "target": null,
                "targetAnchor": null,
                "transition": null,
                "type": Object {
                  "compatConfig": Object {
                    "MODE": 3,
                    "RENDER_FUNCTION": false,
                  },
                  "name": "Page",
                  "props": Object {},
                  "render": [Function],
                },
              },
            ],
            "component": null,
            "dirs": null,
            "dynamicChildren": Array [
              Object {
                "__v_isVNode": true,
                "__v_skip": true,
                "anchor": null,
                "appContext": null,
                "children": null,
                "component": Object {
                  "a": null,
                  "accessCache": Object {
                    "@@__IMMUTABLE_ITERABLE__@@": 0,
                    "@@__IMMUTABLE_RECORD__@@": 0,
                    "_isMockFunction": 0,
                    "constructor": 0,
                    "isVueInstance": 0,
                    "onMenuClick": 3,
                    "toJSON": 0,
                    Symbol(Symbol.toStringTag): 0,
                  },
                  "appContext": Object {
                    "app": [Circular],
                    "components": Object {
                      "transition": Object {
                        "name": "transition",
                      },
                      "transition-group": Object {
                        "name": "transition-group",
                      },
                    },
                    "config": Object {
                      "compilerOptions": Object {},
                      "errorHandler": undefined,
                      "globalProperties": Object {},
                      "isNativeTag": [Function],
                      "optionMergeStrategies": Object {},
                      "performance": false,
                      "warnHandler": undefined,
                    },
                    "directives": Object {},
                    "emitsCache": WeakMap {},
                    "mixins": Array [
                      Object {
                        "beforeCreate": [Function],
                      },
                    ],
                    "optionsCache": WeakMap {},
                    "propsCache": WeakMap {},
                    "provides": Object {},
                    "reload": [Function],
                  },
                  "asyncDep": null,
                  "asyncResolved": false,
                  "attrs": Object {
                    "onOnMenuClick": [Function],
                  },
                  "bc": null,
                  "bm": null,
                  "bu": null,
                  "bum": null,
                  "c": null,
                  "components": null,
                  "ctx": Object {
                    "onMenuClick": undefined,
                  },
                  "da": null,
                  "data": Object {},
                  "directives": null,
                  "ec": null,
                  "effect": ReactiveEffect {
                    "active": true,
                    "allowRecurse": true,
                    "deps": Array [
                      Set {
                        [Circular],
                      },
                      Set {
                        [Circular],
                      },
                      Set {
                        [Circular],
                      },
                    ],
                    "fn": [Function],
                    "onTrack": undefined,
                    "onTrigger": undefined,
                    "scheduler": [Function],
                  },
                  "emit": [Function],
                  "emitsOptions": null,
                  "emitted": null,
                  "exposeProxy": null,
                  "exposed": null,
                  "inheritAttrs": undefined,
                  "isDeactivated": false,
                  "isMounted": true,
                  "isUnmounted": false,
                  "m": null,
                  "next": null,
                  "parent": [Circular],
                  "props": Object {
                    "onMenuClick": undefined,
                  },
                  "propsDefaults": Object {},
                  "propsOptions": Array [
                    Object {
                      "onMenuClick": Object {
                        "0": false,
                        "1": true,
                        "type": [Function],
                      },
                    },
                    Array [],
                  ],
                  "provides": Object {},
                  "proxy": Object {
                    "onMenuClick": undefined,
                  },
                  "refs": Object {},
                  "render": [Function],
                  "renderCache": Array [],
                  "root": [Circular],
                  "rtc": null,
                  "rtg": null,
                  "scope": EffectScope {
                    "active": true,
                    "cleanups": Array [],
                    "effects": Array [
                      ReactiveEffect {
                        "active": true,
                        "allowRecurse": true,
                        "deps": Array [
                          Set {
                            [Circular],
                          },
                          Set {
                            [Circular],
                          },
                          Set {
                            [Circular],
                          },
                        ],
                        "fn": [Function],
                        "onTrack": undefined,
                        "onTrigger": undefined,
                        "scheduler": [Function],
                      },
                    ],
                  },
                  "setupContext": null,
                  "setupState": Object {},
                  "slots": Object {},
                  "sp": null,
                  "subTree": Object {
                    "__v_isVNode": true,
                    "__v_skip": true,
                    "anchor": null,
                    "appContext": null,
                    "children": null,
                    "component": null,
                    "dirs": null,
                    "dynamicChildren": null,
                    "dynamicProps": null,
                    "el": <topbar-stub />,
                    "key": null,
                    "patchFlag": 16,
                    "props": Object {
                      "onOnMenuClick": [Function],
                    },
                    "ref": null,
                    "scopeId": null,
                    "shapeFlag": 1,
                    "slotScopeIds": null,
                    "ssContent": null,
                    "ssFallback": null,
                    "staticCount": 0,
                    "suspense": null,
                    "target": null,
                    "targetAnchor": null,
                    "transition": null,
                    "type": "topbar-stub",
                  },
                  "suspense": null,
                  "suspenseId": 0,
                  "type": Object {
                    "compatConfig": Object {
                      "MODE": 3,
                      "RENDER_FUNCTION": false,
                    },
                    "name": "Topbar",
                    "props": Object {
                      "onMenuClick": [Function],
                    },
                    "render": [Function],
                  },
                  "u": null,
                  "uid": 2,
                  "um": null,
                  "update": [Function],
                  "vnode": [Circular],
                  "withProxy": null,
                },
                "dirs": null,
                "dynamicChildren": null,
                "dynamicProps": Array [
                  "onOnMenuClick",
                ],
                "el": <topbar-stub />,
                "key": null,
                "patchFlag": 8,
                "props": Object {
                  "onOnMenuClick": [Function],
                },
                "ref": null,
                "scopeId": null,
                "shapeFlag": 4,
                "slotScopeIds": null,
                "ssContent": null,
                "ssFallback": null,
                "staticCount": 0,
                "suspense": null,
                "target": null,
                "targetAnchor": null,
                "transition": null,
                "type": Object {
                  "compatConfig": Object {
                    "MODE": 3,
                    "RENDER_FUNCTION": false,
                  },
                  "name": "Topbar",
                  "props": Object {
                    "onMenuClick": [Function],
                  },
                  "render": [Function],
                },
              },
              Object {
                "__v_isVNode": true,
                "__v_skip": true,
                "anchor": null,
                "appContext": null,
                "children": Object {
                  "default": [Function],
                },
                "component": Object {
                  "a": null,
                  "accessCache": Object {
                    "@@__IMMUTABLE_ITERABLE__@@": 0,
                    "@@__IMMUTABLE_RECORD__@@": 0,
                    "_isMockFunction": 0,
                    "constructor": 0,
                    "isVueInstance": 0,
                    "toJSON": 0,
                    Symbol(Symbol.toStringTag): 0,
                  },
                  "appContext": Object {
                    "app": [Circular],
                    "components": Object {
                      "transition": Object {
                        "name": "transition",
                      },
                      "transition-group": Object {
                        "name": "transition-group",
                      },
                    },
                    "config": Object {
                      "compilerOptions": Object {},
                      "errorHandler": undefined,
                      "globalProperties": Object {},
                      "isNativeTag": [Function],
                      "optionMergeStrategies": Object {},
                      "performance": false,
                      "warnHandler": undefined,
                    },
                    "directives": Object {},
                    "emitsCache": WeakMap {},
                    "mixins": Array [
                      Object {
                        "beforeCreate": [Function],
                      },
                    ],
                    "optionsCache": WeakMap {},
                    "propsCache": WeakMap {},
                    "provides": Object {},
                    "reload": [Function],
                  },
                  "asyncDep": null,
                  "asyncResolved": false,
                  "attrs": Object {},
                  "bc": null,
                  "bm": null,
                  "bu": null,
                  "bum": null,
                  "c": null,
                  "components": null,
                  "ctx": Object {},
                  "da": null,
                  "data": Object {},
                  "directives": null,
                  "ec": null,
                  "effect": ReactiveEffect {
                    "active": true,
                    "allowRecurse": true,
                    "deps": Array [
                      Set {
                        [Circular],
                      },
                      Set {
                        [Circular],
                      },
                    ],
                    "fn": [Function],
                    "onTrack": undefined,
                    "onTrigger": undefined,
                    "scheduler": [Function],
                  },
                  "emit": [Function],
                  "emitsOptions": null,
                  "emitted": null,
                  "exposeProxy": null,
                  "exposed": null,
                  "inheritAttrs": undefined,
                  "isDeactivated": false,
                  "isMounted": true,
                  "isUnmounted": false,
                  "m": null,
                  "next": null,
                  "parent": [Circular],
                  "props": Object {},
                  "propsDefaults": Object {},
                  "propsOptions": Array [
                    Object {},
                    Array [],
                  ],
                  "provides": Object {},
                  "proxy": Object {},
                  "refs": Object {},
                  "render": [Function],
                  "renderCache": Array [],
                  "root": [Circular],
                  "rtc": null,
                  "rtg": null,
                  "scope": EffectScope {
                    "active": true,
                    "cleanups": Array [],
                    "effects": Array [
                      ReactiveEffect {
                        "active": true,
                        "allowRecurse": true,
                        "deps": Array [
                          Set {
                            [Circular],
                          },
                          Set {
                            [Circular],
                          },
                        ],
                        "fn": [Function],
                        "onTrack": undefined,
                        "onTrigger": undefined,
                        "scheduler": [Function],
                      },
                    ],
                  },
                  "setupContext": null,
                  "setupState": Object {},
                  "slots": Object {
                    "default": [Function],
                  },
                  "sp": null,
                  "subTree": Object {
                    "__v_isVNode": true,
                    "__v_skip": true,
                    "anchor": null,
                    "appContext": null,
                    "children": null,
                    "component": null,
                    "dirs": null,
                    "dynamicChildren": null,
                    "dynamicProps": null,
                    "el": <page-stub />,
                    "key": null,
                    "patchFlag": 0,
                    "props": Object {},
                    "ref": null,
                    "scopeId": null,
                    "shapeFlag": 1,
                    "slotScopeIds": null,
                    "ssContent": null,
                    "ssFallback": null,
                    "staticCount": 0,
                    "suspense": null,
                    "target": null,
                    "targetAnchor": null,
                    "transition": null,
                    "type": "page-stub",
                  },
                  "suspense": null,
                  "suspenseId": 0,
                  "type": Object {
                    "compatConfig": Object {
                      "MODE": 3,
                      "RENDER_FUNCTION": false,
                    },
                    "name": "Page",
                    "props": Object {},
                    "render": [Function],
                  },
                  "u": null,
                  "uid": 3,
                  "um": null,
                  "update": [Function],
                  "vnode": [Circular],
                  "withProxy": null,
                },
                "dirs": null,
                "dynamicChildren": null,
                "dynamicProps": null,
                "el": <page-stub />,
                "key": null,
                "patchFlag": 0,
                "props": null,
                "ref": null,
                "scopeId": null,
                "shapeFlag": 36,
                "slotScopeIds": null,
                "ssContent": null,
                "ssFallback": null,
                "staticCount": 0,
                "suspense": null,
                "target": null,
                "targetAnchor": null,
                "transition": null,
                "type": Object {
                  "compatConfig": Object {
                    "MODE": 3,
                    "RENDER_FUNCTION": false,
                  },
                  "name": "Page",
                  "props": Object {},
                  "render": [Function],
                },
              },
            ],
            "dynamicProps": null,
            "el": ,
            "key": null,
            "patchFlag": 64,
            "props": null,
            "ref": null,
            "scopeId": null,
            "shapeFlag": 16,
            "slotScopeIds": null,
            "ssContent": null,
            "ssFallback": null,
            "staticCount": 0,
            "suspense": null,
            "target": null,
            "targetAnchor": null,
            "transition": null,
            "type": Symbol(Fragment),
          },
          "suspense": null,
          "suspenseId": 0,
          "type": Object {
            "components": Object {
              "Content": Object {
                "computed": Object {},
                "extends": Object {},
                "methods": Object {},
                "props": Object {},
                "render": [Function],
                "setup": [Function],
              },
              "GetFreeInsurance": Object {
                "components": Object {
                  "Button": Object {
                    "computed": Object {},
                    "extends": Object {},
                    "methods": Object {
                      "handleOnClick": [Function],
                    },
                    "props": Object {
                      "disabled": [Function],
                      "imageButton": [Function],
                      "onClick": [Function],
                    },
                    "render": [Function],
                    "setup": [Function],
                  },
                  "EmailInvite": Object {
                    "components": Object {
                      "Button": Object {
                        "computed": Object {},
                        "extends": Object {},
                        "methods": Object {
                          "handleOnClick": [Function],
                        },
                        "props": Object {
                          "disabled": [Function],
                          "imageButton": [Function],
                          "onClick": [Function],
                        },
                        "render": [Function],
                        "setup": [Function],
                      },
                      "TextArea": Object {
                        "computed": Object {},
                        "extends": Object {},
                        "methods": Object {},
                        "props": Object {
                          "onChange": [Function],
                          "placeholder": [Function],
                        },
                        "render": [Function],
                        "setup": [Function],
                        "watch": Object {
                          "value": [Function],
                        },
                      },
                    },
                    "computed": Object {},
                    "extends": Object {},
                    "methods": Object {
                      "handleEmailListOnChange": [Function],
                      "handleSendInvitesOnClick": [Function],
                    },
                    "props": Object {},
                    "render": [Function],
                    "setup": [Function],
                  },
                  "ShareLink": Object {
                    "components": Object {
                      "Button": Object {
                        "computed": Object {},
                        "extends": Object {},
                        "methods": Object {
                          "handleOnClick": [Function],
                        },
                        "props": Object {
                          "disabled": [Function],
                          "imageButton": [Function],
                          "onClick": [Function],
                        },
                        "render": [Function],
                        "setup": [Function],
                      },
                    },
                    "computed": Object {},
                    "extends": Object {},
                    "methods": Object {
                      "handleCopyInviteLinkClick": [Function],
                    },
                    "props": Object {
                      "link": [Function],
                    },
                    "render": [Function],
                    "setup": [Function],
                  },
                },
                "computed": Object {},
                "extends": Object {},
                "methods": Object {
                  "handleBottomBannerActionOnClick": [Function],
                },
                "props": Object {},
                "render": [Function],
                "setup": [Function],
              },
              "Page": Object {
                "computed": Object {},
                "extends": Object {},
                "methods": Object {},
                "props": Object {},
                "render": [Function],
                "setup": [Function],
              },
              "Sidebar": Object {
                "components": Object {
                  "Button": Object {
                    "computed": Object {},
                    "extends": Object {},
                    "methods": Object {
                      "handleOnClick": [Function],
                    },
                    "props": Object {
                      "disabled": [Function],
                      "imageButton": [Function],
                      "onClick": [Function],
                    },
                    "render": [Function],
                    "setup": [Function],
                  },
                },
                "computed": Object {},
                "extends": Object {},
                "methods": Object {},
                "props": Object {
                  "isMenuOpen": [Function],
                },
                "render": [Function],
                "setup": [Function],
              },
              "Topbar": Object {
                "components": Object {
                  "Button": Object {
                    "computed": Object {},
                    "extends": Object {},
                    "methods": Object {
                      "handleOnClick": [Function],
                    },
                    "props": Object {
                      "disabled": [Function],
                      "imageButton": [Function],
                      "onClick": [Function],
                    },
                    "render": [Function],
                    "setup": [Function],
                  },
                },
                "computed": Object {},
                "extends": Object {},
                "methods": Object {
                  "handleHamburgerOnClick": [Function],
                },
                "props": Object {
                  "onMenuClick": [Function],
                },
                "render": [Function],
                "setup": [Function],
              },
            },
            "computed": Object {},
            "extends": Object {},
            "methods": Object {
              "handleMenuOnClick": [Function],
            },
            "render": [Function],
            "setup": [Function],
          },
          "u": null,
          "uid": 1,
          "um": null,
          "update": [Function],
          "vnode": [Circular],
          "withProxy": null,
        },
        "dirs": null,
        "dynamicChildren": null,
        "dynamicProps": null,
        "el": ,
        "key": null,
        "patchFlag": 0,
        "props": Object {
          "ref": "VTU_COMPONENT",
        },
        "ref": Object {
          "f": false,
          "i": [Circular],
          "k": undefined,
          "r": "VTU_COMPONENT",
        },
        "scopeId": null,
        "shapeFlag": 4,
        "slotScopeIds": null,
        "ssContent": null,
        "ssFallback": null,
        "staticCount": 0,
        "suspense": null,
        "target": null,
        "targetAnchor": null,
        "transition": null,
        "type": Object {
          "components": Object {
            "Content": Object {
              "computed": Object {},
              "extends": Object {},
              "methods": Object {},
              "props": Object {},
              "render": [Function],
              "setup": [Function],
            },
            "GetFreeInsurance": Object {
              "components": Object {
                "Button": Object {
                  "computed": Object {},
                  "extends": Object {},
                  "methods": Object {
                    "handleOnClick": [Function],
                  },
                  "props": Object {
                    "disabled": [Function],
                    "imageButton": [Function],
                    "onClick": [Function],
                  },
                  "render": [Function],
                  "setup": [Function],
                },
                "EmailInvite": Object {
                  "components": Object {
                    "Button": Object {
                      "computed": Object {},
                      "extends": Object {},
                      "methods": Object {
                        "handleOnClick": [Function],
                      },
                      "props": Object {
                        "disabled": [Function],
                        "imageButton": [Function],
                        "onClick": [Function],
                      },
                      "render": [Function],
                      "setup": [Function],
                    },
                    "TextArea": Object {
                      "computed": Object {},
                      "extends": Object {},
                      "methods": Object {},
                      "props": Object {
                        "onChange": [Function],
                        "placeholder": [Function],
                      },
                      "render": [Function],
                      "setup": [Function],
                      "watch": Object {
                        "value": [Function],
                      },
                    },
                  },
                  "computed": Object {},
                  "extends": Object {},
                  "methods": Object {
                    "handleEmailListOnChange": [Function],
                    "handleSendInvitesOnClick": [Function],
                  },
                  "props": Object {},
                  "render": [Function],
                  "setup": [Function],
                },
                "ShareLink": Object {
                  "components": Object {
                    "Button": Object {
                      "computed": Object {},
                      "extends": Object {},
                      "methods": Object {
                        "handleOnClick": [Function],
                      },
                      "props": Object {
                        "disabled": [Function],
                        "imageButton": [Function],
                        "onClick": [Function],
                      },
                      "render": [Function],
                      "setup": [Function],
                    },
                  },
                  "computed": Object {},
                  "extends": Object {},
                  "methods": Object {
                    "handleCopyInviteLinkClick": [Function],
                  },
                  "props": Object {
                    "link": [Function],
                  },
                  "render": [Function],
                  "setup": [Function],
                },
              },
              "computed": Object {},
              "extends": Object {},
              "methods": Object {
                "handleBottomBannerActionOnClick": [Function],
              },
              "props": Object {},
              "render": [Function],
              "setup": [Function],
            },
            "Page": Object {
              "computed": Object {},
              "extends": Object {},
              "methods": Object {},
              "props": Object {},
              "render": [Function],
              "setup": [Function],
            },
            "Sidebar": Object {
              "components": Object {
                "Button": Object {
                  "computed": Object {},
                  "extends": Object {},
                  "methods": Object {
                    "handleOnClick": [Function],
                  },
                  "props": Object {
                    "disabled": [Function],
                    "imageButton": [Function],
                    "onClick": [Function],
                  },
                  "render": [Function],
                  "setup": [Function],
                },
              },
              "computed": Object {},
              "extends": Object {},
              "methods": Object {},
              "props": Object {
                "isMenuOpen": [Function],
              },
              "render": [Function],
              "setup": [Function],
            },
            "Topbar": Object {
              "components": Object {
                "Button": Object {
                  "computed": Object {},
                  "extends": Object {},
                  "methods": Object {
                    "handleOnClick": [Function],
                  },
                  "props": Object {
                    "disabled": [Function],
                    "imageButton": [Function],
                    "onClick": [Function],
                  },
                  "render": [Function],
                  "setup": [Function],
                },
              },
              "computed": Object {},
              "extends": Object {},
              "methods": Object {
                "handleHamburgerOnClick": [Function],
              },
              "props": Object {
                "onMenuClick": [Function],
              },
              "render": [Function],
              "setup": [Function],
            },
          },
          "computed": Object {},
          "extends": Object {},
          "methods": Object {
            "handleMenuOnClick": [Function],
          },
          "render": [Function],
          "setup": [Function],
        },
      },
      "suspense": null,
      "suspenseId": 0,
      "type": Object {
        "name": "VTU_ROOT",
        "render": [Function],
      },
      "u": null,
      "uid": 0,
      "um": null,
      "update": [Function],
      "vnode": Object {
        "__v_isVNode": true,
        "__v_skip": true,
        "anchor": null,
        "appContext": Object {
          "app": [Circular],
          "components": Object {
            "transition": Object {
              "name": "transition",
            },
            "transition-group": Object {
              "name": "transition-group",
            },
          },
          "config": Object {
            "compilerOptions": Object {},
            "errorHandler": undefined,
            "globalProperties": Object {},
            "isNativeTag": [Function],
            "optionMergeStrategies": Object {},
            "performance": false,
            "warnHandler": undefined,
          },
          "directives": Object {},
          "emitsCache": WeakMap {},
          "mixins": Array [
            Object {
              "beforeCreate": [Function],
            },
          ],
          "optionsCache": WeakMap {},
          "propsCache": WeakMap {},
          "provides": Object {},
          "reload": [Function],
        },
        "children": null,
        "component": [Circular],
        "dirs": null,
        "dynamicChildren": null,
        "dynamicProps": null,
        "el": ,
        "key": null,
        "patchFlag": 0,
        "props": null,
        "ref": null,
        "scopeId": null,
        "shapeFlag": 4,
        "slotScopeIds": null,
        "ssContent": null,
        "ssFallback": null,
        "staticCount": 0,
        "suspense": null,
        "target": null,
        "targetAnchor": null,
        "transition": null,
        "type": Object {
          "name": "VTU_ROOT",
          "render": [Function],
        },
      },
      "withProxy": null,
    },
    "_props": null,
    "_uid": 0,
    "component": [Function],
    "config": Object {
      "compilerOptions": Object {},
      "errorHandler": undefined,
      "globalProperties": Object {},
      "isNativeTag": [Function],
      "optionMergeStrategies": Object {},
      "performance": false,
      "warnHandler": undefined,
    },
    "directive": [Function],
    "mixin": [Function],
    "mount": [Function],
    "provide": [Function],
    "unmount": [Function],
    "use": [Function],
    "version": "3.2.29",
  },
  "__setProps": [Function],
  "componentVM": Object {
    "handleMenuOnClick": [Function],
    "hasOwnProperty": [Function],
    "isMenuOpen": false,
  },
  "isDisabled": [Function],
  "rootVM": Object {},
  "wrapperElement": ,
}
`;
